github 가입
    https://github.com/
git 다운로드 설치
    https://git-scm.com/

-------------------------------------------------------------------------------------
아래 작업을 명령프롬프트에서 하려면 설치시에 윈도우 명령프롬프트(cmd.exe)를 default 설정하면됨

이미 gitbash를 기본 명령프롬프트로 설정했다면 윈도우 명령프롬프트를 실행하고 아래 명령을 수행하면 됨
     "path =%PATH%;C:\Program Files\Git\bin"
매번 이 작업을 해줘야하기 때문에 불편하므로 
    설정에서 "시스템 환경변수 편집"으로 검색해서 환경변수 "Path"에 편집버튼 누르고 
    마지막에 "C:\Program Files\Git\bin"를 추가해주면 됨 

git bash : 

    git config --global user.name "youngsig"

    git config --global user.email "parkyoungsig.71@gmail"

    git config --list

    cd /d/ai-quant/Project_1/stockClustering 
     => 공백이 포함된 경우 "/d/ai-quant/Project_1/stockClustering"

    git init  

    git add .            
     => git add readme.txt

    git status

    

~~~~~~~~~~~~~~~~~~~~~~~~~~~~~~~~~~~~~~~~~~~~~~~~~~~~~~~~~~~~

C:\Users\ParkYoungSig>echo %path%
C:\ProgramData\miniconda3\condabin;C:\Program Files (x86)\NAT Service;C:\WINDOWS\system32;C:\WINDOWS;C:\WINDOWS\System32\Wbem;C:\WINDOWS\System32\WindowsPowerShell\v1.0\;C:\WINDOWS\System32\OpenSSH\;C:\Program Files\dotnet\;C:\Program Files\Git\cmd;C:\ProgramData\miniconda3;C:\ProgramData\miniconda3\Library\mingw-w64\bin;C:\ProgramData\miniconda3\Library\usr\bin;C:\ProgramData\miniconda3\Library\bin;C:\ProgramData\miniconda3\Scripts;C:\Users\ParkYoungSig\AppData\Local\Microsoft\WindowsApps;C:\Users\ParkYoungSig\AppData\Local\atom\bin;C:\Users\ParkYoungSig\AppData\Local\Microsoft\WindowsApps;C:\Program Files\JetBrains\PyCharm 2025.1.3.1\bin;;C:\Users\ParkYoungSig\AppData\Local\Programs\Microsoft VS Code\bin;C:\Program Files\Git\bin;

C:\Users\ParkYoungSig>d:

D:\>cd /ai-quant/Project_1/stockClustering

D:\ai-quant\Project_1\StockClustering>git status
On branch master

No commits yet

Changes to be committed:
  (use "git rm --cached <file>..." to unstage)
        new file:   command.txt
        new file:   github.initial.command.txt
        new file:   main.py
       